// Jest Snapshot v1, https://goo.gl/fbAQLP

exports[`Slider renders correctly 1`] = `
<div
  className="slider-picker "
  style={Object {}}
>
  <div
    style={
      Object {
        "height": "12px",
        "position": "relative",
      }
    }
  >
    <div
      style={
        Object {
          "MozBorderRadius": "",
          "MozBoxShadow": "",
          "OBorderRadius": "",
          "OBoxShadow": "",
          "WebkitBorderRadius": "",
          "WebkitBoxShadow": "",
          "borderRadius": "",
          "bottom": "0px",
          "boxShadow": "",
          "left": "0px",
          "msBorderRadius": "",
          "msBoxShadow": "",
          "position": "absolute",
          "right": "0px",
          "top": "0px",
        }
      }
    >
      <div
        className="hue-horizontal"
        onMouseDown={[Function]}
        onTouchMove={[Function]}
        onTouchStart={[Function]}
        role="button"
        style={
          Object {
            "MozBorderRadius": "",
            "OBorderRadius": "",
            "WebkitBorderRadius": "",
            "borderRadius": "",
            "height": "100%",
            "msBorderRadius": "",
            "outline": "none",
            "padding": "0 2px",
            "position": "relative",
          }
        }
        tabIndex={0}
      >
        <style>
          
          .hue-horizontal {
            background: linear-gradient(to right, #f00 0%, #ff0 17%, #0f0
              33%, #0ff 50%, #00f 67%, #f0f 83%, #f00 100%);
            background: -webkit-linear-gradient(to right, #f00 0%, #ff0
              17%, #0f0 33%, #0ff 50%, #00f 67%, #f0f 83%, #f00 100%);
          }

          .hue-vertical {
            background: linear-gradient(to top, #f00 0%, #ff0 17%, #0f0 33%,
              #0ff 50%, #00f 67%, #f0f 83%, #f00 100%);
            background: -webkit-linear-gradient(to top, #f00 0%, #ff0 17%,
              #0f0 33%, #0ff 50%, #00f 67%, #f0f 83%, #f00 100%);
          }
        
        </style>
        <div
          style={
            Object {
              "left": "69.55128205128206%",
              "position": "absolute",
            }
          }
        >
          <div
            style={
              Object {
                "MozBorderRadius": "6px",
                "MozBoxShadow": "0 1px 4px 0 rgba(0, 0, 0, 0.37)",
                "MozTransform": "translate(-7px, -1px)",
                "OBorderRadius": "6px",
                "OBoxShadow": "0 1px 4px 0 rgba(0, 0, 0, 0.37)",
                "OTransform": "translate(-7px, -1px)",
                "WebkitBorderRadius": "6px",
                "WebkitBoxShadow": "0 1px 4px 0 rgba(0, 0, 0, 0.37)",
                "WebkitTransform": "translate(-7px, -1px)",
                "backgroundColor": "rgb(248, 248, 248)",
                "borderRadius": "6px",
                "boxShadow": "0 1px 4px 0 rgba(0, 0, 0, 0.37)",
                "height": "14px",
                "msBorderRadius": "6px",
                "msBoxShadow": "0 1px 4px 0 rgba(0, 0, 0, 0.37)",
                "msTransform": "translate(-7px, -1px)",
                "transform": "translate(-7px, -1px)",
                "width": "14px",
              }
            }
          />
        </div>
      </div>
    </div>
  </div>
  <div>
    <div
      style={
        Object {
          "marginTop": "20px",
        }
      }
    >
      <div
        style={
          Object {
            "boxSizing": "border-box",
            "float": "left",
            "paddingRight": "1px",
            "width": "20%",
          }
        }
      >
        <div
          onClick={[Function]}
          onKeyPress={[Function]}
          role="grid"
          style={
            Object {
              "MozBorderRadius": "2px 0 0 2px",
              "OBorderRadius": "2px 0 0 2px",
              "WebkitBorderRadius": "2px 0 0 2px",
              "background": "hsl(250.38461538461542, 50%, 80%)",
              "borderRadius": "2px 0 0 2px",
              "cursor": "pointer",
              "height": "12px",
              "msBorderRadius": "2px 0 0 2px",
            }
          }
          tabIndex={0}
        />
      </div>
      <div
        style={
          Object {
            "boxSizing": "border-box",
            "float": "left",
            "paddingRight": "1px",
            "width": "20%",
          }
        }
      >
        <div
          onClick={[Function]}
          onKeyPress={[Function]}
          role="grid"
          style={
            Object {
              "background": "hsl(250.38461538461542, 50%, 65%)",
              "cursor": "pointer",
              "height": "12px",
            }
          }
          tabIndex={0}
        />
      </div>
      <div
        style={
          Object {
            "boxSizing": "border-box",
            "float": "left",
            "paddingRight": "1px",
            "width": "20%",
          }
        }
      >
        <div
          onClick={[Function]}
          onKeyPress={[Function]}
          role="grid"
          style={
            Object {
              "background": "hsl(250.38461538461542, 50%, 50%)",
              "cursor": "pointer",
              "height": "12px",
            }
          }
          tabIndex={0}
        />
      </div>
      <div
        style={
          Object {
            "boxSizing": "border-box",
            "float": "left",
            "paddingRight": "1px",
            "width": "20%",
          }
        }
      >
        <div
          onClick={[Function]}
          onKeyPress={[Function]}
          role="grid"
          style={
            Object {
              "background": "hsl(250.38461538461542, 50%, 35%)",
              "cursor": "pointer",
              "height": "12px",
            }
          }
          tabIndex={0}
        />
      </div>
      <div
        style={
          Object {
            "boxSizing": "border-box",
            "float": "left",
            "paddingRight": "1px",
            "width": "20%",
          }
        }
      >
        <div
          onClick={[Function]}
          onKeyPress={[Function]}
          role="grid"
          style={
            Object {
              "MozBorderRadius": "0 2px 2px 0",
              "MozTransform": "scaleY(1.8)",
              "OBorderRadius": "0 2px 2px 0",
              "OTransform": "scaleY(1.8)",
              "WebkitBorderRadius": "0 2px 2px 0",
              "WebkitTransform": "scaleY(1.8)",
              "background": "hsl(250.38461538461542, 50%, 20%)",
              "borderRadius": "0 2px 2px 0",
              "cursor": "pointer",
              "height": "12px",
              "msBorderRadius": "0 2px 2px 0",
              "msTransform": "scaleY(1.8)",
              "transform": "scaleY(1.8)",
            }
          }
          tabIndex={0}
        />
      </div>
      <div
        style={
          Object {
            "clear": "both",
          }
        }
      />
    </div>
  </div>
</div>
`;

exports[`SliderPointer renders correctly 1`] = `
<div
  style={
    Object {
      "MozBorderRadius": "6px",
      "MozBoxShadow": "0 1px 4px 0 rgba(0, 0, 0, 0.37)",
      "MozTransform": "translate(-7px, -1px)",
      "OBorderRadius": "6px",
      "OBoxShadow": "0 1px 4px 0 rgba(0, 0, 0, 0.37)",
      "OTransform": "translate(-7px, -1px)",
      "WebkitBorderRadius": "6px",
      "WebkitBoxShadow": "0 1px 4px 0 rgba(0, 0, 0, 0.37)",
      "WebkitTransform": "translate(-7px, -1px)",
      "backgroundColor": "rgb(248, 248, 248)",
      "borderRadius": "6px",
      "boxShadow": "0 1px 4px 0 rgba(0, 0, 0, 0.37)",
      "height": "14px",
      "msBorderRadius": "6px",
      "msBoxShadow": "0 1px 4px 0 rgba(0, 0, 0, 0.37)",
      "msTransform": "translate(-7px, -1px)",
      "transform": "translate(-7px, -1px)",
      "width": "14px",
    }
  }
/>
`;

exports[`SliderSwatch renders correctly 1`] = `
<div
  onClick={[Function]}
  onKeyPress={[Function]}
  role="grid"
  style={
    Object {
      "background": "hsl(0, 50%, 0%)",
      "cursor": "pointer",
      "height": "12px",
    }
  }
  tabIndex={0}
/>
`;

exports[`SliderSwatches renders correctly 1`] = `
<div
  style={
    Object {
      "marginTop": "20px",
    }
  }
>
  <div
    style={
      Object {
        "boxSizing": "border-box",
        "float": "left",
        "paddingRight": "1px",
        "width": "20%",
      }
    }
  >
    <div
      onClick={[Function]}
      onKeyPress={[Function]}
      role="grid"
      style={
        Object {
          "MozBorderRadius": "2px 0 0 2px",
          "OBorderRadius": "2px 0 0 2px",
          "WebkitBorderRadius": "2px 0 0 2px",
          "background": "hsl(0, 50%, 80%)",
          "borderRadius": "2px 0 0 2px",
          "cursor": "pointer",
          "height": "12px",
          "msBorderRadius": "2px 0 0 2px",
        }
      }
      tabIndex={0}
    />
  </div>
  <div
    style={
      Object {
        "boxSizing": "border-box",
        "float": "left",
        "paddingRight": "1px",
        "width": "20%",
      }
    }
  >
    <div
      onClick={[Function]}
      onKeyPress={[Function]}
      role="grid"
      style={
        Object {
          "background": "hsl(0, 50%, 65%)",
          "cursor": "pointer",
          "height": "12px",
        }
      }
      tabIndex={0}
    />
  </div>
  <div
    style={
      Object {
        "boxSizing": "border-box",
        "float": "left",
        "paddingRight": "1px",
        "width": "20%",
      }
    }
  >
    <div
      onClick={[Function]}
      onKeyPress={[Function]}
      role="grid"
      style={
        Object {
          "background": "hsl(0, 50%, 50%)",
          "cursor": "pointer",
          "height": "12px",
        }
      }
      tabIndex={0}
    />
  </div>
  <div
    style={
      Object {
        "boxSizing": "border-box",
        "float": "left",
        "paddingRight": "1px",
        "width": "20%",
      }
    }
  >
    <div
      onClick={[Function]}
      onKeyPress={[Function]}
      role="grid"
      style={
        Object {
          "background": "hsl(0, 50%, 35%)",
          "cursor": "pointer",
          "height": "12px",
        }
      }
      tabIndex={0}
    />
  </div>
  <div
    style={
      Object {
        "boxSizing": "border-box",
        "float": "left",
        "paddingRight": "1px",
        "width": "20%",
      }
    }
  >
    <div
      onClick={[Function]}
      onKeyPress={[Function]}
      role="grid"
      style={
        Object {
          "MozBorderRadius": "0 2px 2px 0",
          "OBorderRadius": "0 2px 2px 0",
          "WebkitBorderRadius": "0 2px 2px 0",
          "background": "hsl(0, 50%, 20%)",
          "borderRadius": "0 2px 2px 0",
          "cursor": "pointer",
          "height": "12px",
          "msBorderRadius": "0 2px 2px 0",
        }
      }
      tabIndex={0}
    />
  </div>
  <div
    style={
      Object {
        "clear": "both",
      }
    }
  />
</div>
`;
